
Discarded input sections

 .comment       0x0000000000000000       0x12 obj/t2k.o
 .note.GNU-stack
                0x0000000000000000        0x0 obj/t2k.o
 .note.gnu.property
                0x0000000000000000       0x30 obj/t2k.o

Memory Configuration

Name             Origin             Length             Attributes
*default*        0x0000000000000000 0xffffffffffffffff

Linker script and memory map

LOAD obj/t2k.o
LOAD /tmp/smoloutq76_nnl8.o
                0x0000000000010000                . = 0x10000
                0x0000000000010000                _smol_origin = .

.header         0x0000000000010000       0xe0
 *(.header)
 .header        0x0000000000010000       0xe0 /tmp/smoloutq76_nnl8.o
                0x0000000000010000                _EHDR
                0x0000000000010038                _PHDR
                0x0000000000010088                _INTERP

.dynamic        0x00000000000100e0       0x30
 *(.dynamic .rodata.dynamic .interp)
 .rodata.dynamic
                0x00000000000100e0       0x30 /tmp/smoloutq76_nnl8.o
                0x00000000000100e0                _DYNAMIC
 *(.dynsym .dynstr)
 *(.rela.plt)
                0x0000000000010110                _smol_data_start = .
                0x0000000000000110                _smol_data_off = (_smol_data_start - _smol_origin)

.data           0x0000000000010110       0x49
 *(.data.smolgot .data.got.plt)
 .data.smolgot  0x0000000000010110       0x49 /tmp/smoloutq76_nnl8.o
                0x0000000000010110                SDL_itoa
                0x0000000000010110                _symbols
                0x0000000000010118                SDL_FillRect
                0x0000000000010120                SDL_OpenAudio
                0x0000000000010128                SDL_PauseAudio
                0x0000000000010130                SDL_CreateWindow
                0x0000000000010138                SDL_GetWindowSurface
                0x0000000000010140                SDL_Delay
                0x0000000000010148                SDL_UpdateWindowSurface
                0x0000000000010150                SDL_PollEvent
                0x0000000000010159                _smolplt
 *(.data.got.plt.start)
 *(.data.got.plt)
 *(.data .data.* .tdata .tdata.*)
 .data          0x0000000000010159        0x0 obj/t2k.o
                0x0000000000010159                _smol_data_end = .
                0x0000000000000049                _smol_data_size = (_smol_data_end - _smol_data_start)
                0x0000000000000159                _smol_dataandheader_size = (_smol_data_end - _smol_origin)
                0x000000000000037e                _smol_dataandheaderandbss_size = (_smol_dataandheader_size + _smol_bss_size)
                0x0000000000010159                _smol_text_start = .
                0x0000000000000159                _smol_text_off = (_smol_text_start - _smol_origin)

.text           0x0000000000010159      0xab5
 *(.rdata .rdata.* .rodata .rodata.*)
 .rodata.cpatterns
                0x0000000000010159      0x300 obj/t2k.o
 .rodata.order  0x0000000000010459        0x8 obj/t2k.o
 .rodata.characters2
                0x0000000000010461       0x14 obj/t2k.o
 .rodata.characters
                0x0000000000010475        0xe obj/t2k.o
 .rodata.colors
                0x0000000000010483       0x28 obj/t2k.o
 .rodata.cst4   0x00000000000104ab       0x14 obj/t2k.o
 .rodata.neededlibs
                0x00000000000104bf        0xb /tmp/smoloutq76_nnl8.o
                0x00000000000104bf                _strtab
 *(.text.startup.smol)
 .text.startup.smol
                0x00000000000104ca       0x87 /tmp/smoloutq76_nnl8.o
                0x00000000000104ca                _smol_start
                0x0000000000010551                _smol_rt_end
 *(.text.startup._start)
 .text.startup._start
                0x0000000000010551      0x37a obj/t2k.o
                0x0000000000010551                _start
 *(.text .text.*)
 .text          0x00000000000108cb        0x0 obj/t2k.o
 .text.audio_callback
                0x00000000000108cb      0x163 obj/t2k.o
 .text.doesPieceFit
                0x0000000000010a2e       0x67 obj/t2k.o
 .text.drawScore
                0x0000000000010a95       0xc7 obj/t2k.o
 .text.initStone
                0x0000000000010b5c       0x68 obj/t2k.o
 .text.initGame
                0x0000000000010bc4       0x4a obj/t2k.o
                0x0000000000010c0e                _smol_text_end = .
                0x0000000000000ab5                _smol_text_size = (_smol_text_end - _smol_text_start)
                0x0000000000000c0e                _smol_total_filesize = (. - _smol_origin)
                0x0000000000010c0e                _smol_bss_start = .
                0x0000000000000c0e                _smol_bss_off = (_smol_bss_start - _smol_origin)

.bss            0x0000000000010c0e      0x225
 *(.bss.got.plt)
 *(.bss .bss.* .tbss .tbss.* .sbss .sbss.*)
 .bss           0x0000000000010c0e        0x0 obj/t2k.o
 .bss.handlekeys.38036
                0x0000000000010c0e        0x1 obj/t2k.o
 .bss.rect.37946
                0x0000000000010c0f       0x10 obj/t2k.o
 .bss.buffer.37988
                0x0000000000010c1f        0xf obj/t2k.o
 .bss.multi.38093
                0x0000000000010c2e        0x4 obj/t2k.o
 .bss.counter.37969
                0x0000000000010c32        0xc obj/t2k.o
 .bss.vol.37966
                0x0000000000010c3e        0x6 obj/t2k.o
 .bss.hertz.37971
                0x0000000000010c44        0xc obj/t2k.o
 .bss.previous.37970
                0x0000000000010c50        0xc obj/t2k.o
 .bss.song_clock.37968
                0x0000000000010c5c        0x4 obj/t2k.o
 .bss.window    0x0000000000010c60        0x8 obj/t2k.o
 .bss.screenSurface
                0x0000000000010c68        0x8 obj/t2k.o
 .bss.nCurrentPiece
                0x0000000000010c70        0x4 obj/t2k.o
 .bss.runtime   0x0000000000010c74        0x4 obj/t2k.o
 .bss.lines     0x0000000000010c78        0x4 obj/t2k.o
 .bss.score     0x0000000000010c7c        0x4 obj/t2k.o
 .bss.nCurrentY
                0x0000000000010c80        0x1 obj/t2k.o
 .bss.nCurrentX
                0x0000000000010c81        0x1 obj/t2k.o
 .bss.nCurrentRotation
                0x0000000000010c82        0x1 obj/t2k.o
 .bss.pBackBuffer
                0x0000000000010c83       0xd8 obj/t2k.o
 .bss.pBuffer   0x0000000000010d5b       0xd8 obj/t2k.o
                0x0000000000010e33                _smol_bss_end = .
                0x0000000000000225                _smol_bss_size = (_smol_bss_end - _smol_bss_start)
                0x0000000000000e33                _smol_total_memsize = (. - _smol_origin)

.stab
 *(.stab)

.stabstr
 *(.stabstr)

.stab.excl
 *(.stab.excl)

.stab.exclstr
 *(.stab.exclstr)

.stab.index
 *(.stab.index)

.stab.indexstr
 *(.stab.indexstr)

.debug
 *(.debug)

.line
 *(.line)

.debug_srcinfo
 *(.debug_srcinfo)

.debug_sfnames
 *(.debug_sfnames)

.debug_aranges
 *(.debug_aranges)

.debug_pubnames
 *(.debug_pubnames)

.debug_info
 *(.debug_info .gnu.linkonce.wi.*)

.debug_abbrev
 *(.debug_abbrev)

.debug_line
 *(.debug_line .debug_line.* .debug_line_end)

.debug_frame
 *(.debug_frame)

.debug_str
 *(.debug_str)

.debug_loc
 *(.debug_loc)

.debug_macinfo
 *(.debug_macinfo)

.debug_weaknames
 *(.debug_weaknames)

.debug_funcnames
 *(.debug_funcnames)

.debug_typenames
 *(.debug_typenames)

.debug_varnames
 *(.debug_varnames)

.debug_pubtypes
 *(.debug_pubtypes)

.debug_ranges
 *(.debug_ranges)

.debug_macro
 *(.debug_macro)

.debug_addr
 *(.debug_addr)

/DISCARD/
 *(.*)
OUTPUT(bin/t2k.smol binary)
