
Discarded input sections

 .comment       0x0000000000000000       0x12 obj/t2k.o
 .note.GNU-stack
                0x0000000000000000        0x0 obj/t2k.o
 .note.gnu.property
                0x0000000000000000       0x30 obj/t2k.o

Memory Configuration

Name             Origin             Length             Attributes
*default*        0x0000000000000000 0xffffffffffffffff

Linker script and memory map

LOAD obj/t2k.o
LOAD /tmp/smoloutb6xc1gm0.o
                0x0000000000010000                . = 0x10000
                0x0000000000010000                _smol_origin = .

.header         0x0000000000010000       0xe0
 *(.header)
 .header        0x0000000000010000       0xe0 /tmp/smoloutb6xc1gm0.o
                0x0000000000010000                _EHDR
                0x0000000000010038                _PHDR
                0x0000000000010088                _INTERP

.dynamic        0x00000000000100e0      0x10a
 *(.dynamic .rodata.dynamic .interp)
 .dynamic       0x00000000000100e0       0x58 /tmp/smoloutb6xc1gm0.o
                0x00000000000100e0                _DYNAMIC
 *(.dynsym .dynstr)
 .dynsym        0x0000000000010138        0x5 /tmp/smoloutb6xc1gm0.o
                0x0000000000010138                _dynsym
 .dynstr        0x000000000001013d       0x9d /tmp/smoloutb6xc1gm0.o
                0x000000000001013d                _dynstr
 *(.rela.plt)
 .rela.plt      0x00000000000101da       0x10 /tmp/smoloutb6xc1gm0.o
                0x00000000000101da                _rela_plt
                0x00000000000101ea                _smol_text_start = .
                0x0000000000000c4e                _smol_text_off = (_smol_data_end - _smol_origin)

.text           0x00000000000101ea      0xa64
 *(.text.startup.smol)
 .text.startup.smol
                0x00000000000101ea       0x4d /tmp/smoloutb6xc1gm0.o
                0x00000000000101ef                _smol_start
                0x0000000000010237                _smol_rt_end
 *(.text.startup._start)
 .text.startup._start
                0x0000000000010237      0x3a8 obj/t2k.o
                0x0000000000010237                _start
 *(.text .text.*)
 .text          0x00000000000105df        0x0 obj/t2k.o
 .text.audio_callback
                0x00000000000105df      0x163 obj/t2k.o
 .text.drawScore
                0x0000000000010742       0xc7 obj/t2k.o
 .text.initStone
                0x0000000000010809       0x68 obj/t2k.o
 .text.getRotatedIndex
                0x0000000000010871       0x1d obj/t2k.o
                0x0000000000010871                getRotatedIndex
 .text.doesPieceFit
                0x000000000001088e       0x5a obj/t2k.o
                0x000000000001088e                doesPieceFit
 *(.rdata .rdata.* .rodata .rodata.*)
 .rodata.cpatterns
                0x00000000000108e8      0x300 obj/t2k.o
                0x00000000000108e8                cpatterns
 .rodata.order  0x0000000000010be8        0x8 obj/t2k.o
                0x0000000000010be8                order
 .rodata.characters2
                0x0000000000010bf0       0x14 obj/t2k.o
                0x0000000000010bf0                characters2
 .rodata.characters
                0x0000000000010c04        0xe obj/t2k.o
                0x0000000000010c04                characters
 .rodata.colors
                0x0000000000010c12       0x28 obj/t2k.o
                0x0000000000010c12                colors
 .rodata.cst4   0x0000000000010c3a       0x14 obj/t2k.o
                0x0000000000010c4e                _smol_text_end = .
                0x0000000000000a64                _smol_text_size = (_smol_text_end - _smol_text_start)
                0x0000000000000c4e                _smol_textandheader_size = (_smol_text_end - _smol_origin)
                0x0000000000010c4e                _smol_data_start = .
                0x0000000000000c4e                _smol_data_off = (_smol_data_start - _smol_origin)

.data           0x0000000000010c4e        0x0
 *(.data.smolgot .data.got.plt)
 *(.data.got.plt.start)
 *(.data.got.plt)
 *(.data .data.* .tdata .tdata.*)
 .data          0x0000000000010c4e        0x0 obj/t2k.o
                0x0000000000010c4e                _smol_data_end = .
                0x0000000000000000                _smol_data_size = (_smol_data_end - _smol_data_start)
                0x0000000000000c4e                _smol_total_filesize = (. - _smol_origin)
                0x0000000000010c4e                _smol_bss_start = .
                0x0000000000000c4e                _smol_bss_off = (_smol_bss_start - _smol_origin)

.bss            0x0000000000010c4e      0x285
 *(.bss.got.plt)
 .bss.got.plt   0x0000000000010c4e       0x48 /tmp/smoloutb6xc1gm0.o
                0x0000000000010c4e                SDL_itoa
                0x0000000000010c56                SDL_FillRect
                0x0000000000010c5e                SDL_OpenAudio
                0x0000000000010c66                SDL_PauseAudio
                0x0000000000010c6e                SDL_CreateWindow
                0x0000000000010c76                SDL_GetWindowSurface
                0x0000000000010c7e                SDL_Delay
                0x0000000000010c86                SDL_UpdateWindowSurface
                0x0000000000010c8e                SDL_PollEvent
                0x0000000000010c96                _smolplt
 *(.bss .bss.* .tbss .tbss.* .sbss .sbss.*)
 .bss           0x0000000000010c96        0x0 obj/t2k.o
 .bss.handlekeys.37491
                0x0000000000010c96        0x1 obj/t2k.o
 .bss.rect.37401
                0x0000000000010c97       0x10 obj/t2k.o
 .bss.buffer.37443
                0x0000000000010ca7        0xf obj/t2k.o
 .bss.multi.37548
                0x0000000000010cb6        0x4 obj/t2k.o
 .bss.counter.37424
                0x0000000000010cba        0xc obj/t2k.o
 .bss.vol.37421
                0x0000000000010cc6        0x6 obj/t2k.o
 .bss.hertz.37426
                0x0000000000010ccc        0xc obj/t2k.o
 .bss.previous.37425
                0x0000000000010cd8        0xc obj/t2k.o
 .bss.song_clock.37423
                0x0000000000010ce4        0x4 obj/t2k.o
 .bss.window    0x0000000000010ce8        0x8 obj/t2k.o
 .bss.screenSurface
                0x0000000000010cf0        0x8 obj/t2k.o
 .bss.nCurrentPiece
                0x0000000000010cf8        0x4 obj/t2k.o
 .bss.runtime   0x0000000000010cfc        0x4 obj/t2k.o
 .bss.lines     0x0000000000010d00        0x4 obj/t2k.o
 .bss.score     0x0000000000010d04        0x4 obj/t2k.o
 .bss.nCurrentY
                0x0000000000010d08        0x1 obj/t2k.o
 .bss.nCurrentX
                0x0000000000010d09        0x1 obj/t2k.o
 .bss.nCurrentRotation
                0x0000000000010d0a        0x1 obj/t2k.o
 .bss.pBackBuffer
                0x0000000000010d0b       0xd8 obj/t2k.o
 .bss.pBuffer   0x0000000000010de3       0xd8 obj/t2k.o
 .bss.got.plt.start
                0x0000000000010ebb       0x18 /tmp/smoloutb6xc1gm0.o
                0x0000000000010ebb                _GLOBAL_OFFSET_TABLE_
                0x0000000000010ed3                _smol_bss_end = .
                0x0000000000000285                _smol_bss_size = (_smol_bss_end - _smol_bss_start)
                0x0000000000000285                _smol_dataandbss_size = (_smol_bss_end - _smol_data_start)
                0x0000000000000ed3                _smol_total_memsize = (_smol_bss_end - _smol_origin)

.stab
 *(.stab)

.stabstr
 *(.stabstr)

.stab.excl
 *(.stab.excl)

.stab.exclstr
 *(.stab.exclstr)

.stab.index
 *(.stab.index)

.stab.indexstr
 *(.stab.indexstr)

.debug
 *(.debug)

.line
 *(.line)

.debug_srcinfo
 *(.debug_srcinfo)

.debug_sfnames
 *(.debug_sfnames)

.debug_aranges  0x0000000000000000        0x0
 *(.debug_aranges)
 .debug_aranges
                0x0000000000000000        0x0 /tmp/smoloutb6xc1gm0.o

.debug_pubnames
                0x0000000000000000        0x0
 *(.debug_pubnames)
 .debug_pubnames
                0x0000000000000000        0x0 /tmp/smoloutb6xc1gm0.o

.debug_info     0x0000000000000000        0x0
 *(.debug_info .gnu.linkonce.wi.*)
 .debug_info    0x0000000000000000        0x0 /tmp/smoloutb6xc1gm0.o

.debug_abbrev   0x0000000000000000        0x0
 *(.debug_abbrev)
 .debug_abbrev  0x0000000000000000        0x0 /tmp/smoloutb6xc1gm0.o

.debug_line     0x0000000000000000        0x0
 *(.debug_line .debug_line.* .debug_line_end)
 .debug_line    0x0000000000000000        0x0 /tmp/smoloutb6xc1gm0.o

.debug_frame    0x0000000000000000        0x0
 *(.debug_frame)
 .debug_frame   0x0000000000000000        0x0 /tmp/smoloutb6xc1gm0.o

.debug_str
 *(.debug_str)

.debug_loc      0x0000000000000000        0x0
 *(.debug_loc)
 .debug_loc     0x0000000000000000        0x0 /tmp/smoloutb6xc1gm0.o

.debug_macinfo
 *(.debug_macinfo)

.debug_weaknames
 *(.debug_weaknames)

.debug_funcnames
 *(.debug_funcnames)

.debug_typenames
 *(.debug_typenames)

.debug_varnames
 *(.debug_varnames)

.debug_pubtypes
 *(.debug_pubtypes)

.debug_ranges
 *(.debug_ranges)

.debug_macro
 *(.debug_macro)

.debug_addr
 *(.debug_addr)

/DISCARD/
 *(.*)
OUTPUT(bin/t2k.smol binary)
