
Discarded input sections

 .comment       0x0000000000000000       0x12 obj/tetris.start.o
 .note.GNU-stack
                0x0000000000000000        0x0 obj/tetris.start.o

Memory Configuration

Name             Origin             Length             Attributes
*default*        0x0000000000000000 0xffffffffffffffff

Linker script and memory map

LOAD obj/tetris.start.o
LOAD obj/stub.tetris.start.o
                0x0000000000010000                . = 0x10000
                0x0000000000010000                _smol_origin = .

.header         0x0000000000010000       0x8c
 *(.header)
 .header        0x0000000000010000       0x8c obj/stub.tetris.start.o
                0x000000000001008c                _smol_text_start = .
                0x000000000000008c                _smol_text_off = (_smol_text_start - _smol_origin)

.text           0x00000000000100a0     0x13db
 *(.rodata.dynamic)
 .rodata.dynamic
                0x00000000000100a0       0x20 obj/stub.tetris.start.o
                0x00000000000100a0                _DYNAMIC
 *(.rodata.interp .rodata.neededlibs)
 .rodata.interp
                0x00000000000100c0       0x13 obj/stub.tetris.start.o
 .rodata.neededlibs
                0x00000000000100d3       0x1b obj/stub.tetris.start.o
 *(.rdata .rdata.* .rodata .rodata.*)
 *fill*         0x00000000000100ee       0x12 
 .rodata        0x0000000000010100      0xc00 obj/tetris.start.o
                0x0000000000010100                cpatterns
 .rodata.cst4   0x0000000000010d00       0x14 obj/tetris.start.o
 *(.text.startup.smol)
 .text.startup.smol
                0x0000000000010d14       0x67 obj/stub.tetris.start.o
 *(.text.startup._start)
 .text.startup._start
                0x0000000000010d7b       0x1a obj/tetris.start.o
                0x0000000000010d7b                _start
 *(.text .text.*)
 .text          0x0000000000010d95      0x454 obj/tetris.start.o
 .text.startup  0x00000000000111e9      0x259 obj/tetris.start.o
                0x00000000000111e9                main
 .text.smolplt  0x0000000000011442       0x39 obj/stub.tetris.start.o
                0x0000000000011442                __libc_start_main
                0x0000000000011446                exit
                0x000000000001144a                SDL_Delay
                0x000000000001144e                SDL_sinf
                0x0000000000011452                SDL_Init
                0x0000000000011456                SDL_UpdateWindowSurface
                0x000000000001145a                SDL_PollEvent
                0x000000000001145e                SDL_FillRect
                0x0000000000011462                SDL_CreateWindow
                0x0000000000011466                SDL_uitoa
                0x000000000001146a                SDL_OpenAudioDevice
                0x000000000001146e                SDL_GetTicks
                0x0000000000011472                SDL_PauseAudioDevice
                0x0000000000011476                SDL_GetWindowSurface
                0x000000000001147b                _smol_text_end = .
                0x00000000000013ef                _smol_text_size = (_smol_text_end - _smol_text_start)
                0x000000000000147b                _smol_textandheader_size = (_smol_text_end - _smol_origin)
                0x000000000001147b                _smol_data_start = .
                0x000000000000147b                _smol_data_off = (_smol_data_start - _smol_origin)

.data           0x0000000000011480       0x69
 *(.data.smolgot)
 .data.smolgot  0x0000000000011480        0x0 obj/stub.tetris.start.o
 *(.data .data.* .tdata .tdata.*)
 .data          0x0000000000011480       0x69 obj/tetris.start.o
                0x0000000000011480                characters
                0x00000000000114c0                colors

.dynamic
 *(.dynamic)

.dynstuff
 *(.symtab .strtab .shstrtab .rel.text .got.plt .gnu.linkonce.* .plt .plt.got .interp)
                0x00000000000114e9                _smol_data_end = .
                0x000000000000006e                _smol_data_size = (_smol_data_end - _smol_data_start)
                0x00000000000014e9                _smol_total_filesize = (. - _smol_origin)
                0x00000000000114e9                _smol_bss_start = .
                0x00000000000014e9                _smol_bss_off = (_smol_bss_start - _smol_origin)

.bss            0x0000000000011500      0x338
 *(.bss .bss.* .tbss .tbss.* .sbss .sbss.*)
 .bss           0x0000000000011500      0x338 obj/tetris.start.o
                0x0000000000011838                _smol_bss_end = .
                0x000000000000034f                _smol_bss_size = (_smol_bss_end - _smol_bss_start)
                0x00000000000003bd                _smol_dataandbss_size = (_smol_bss_end - _smol_data_start)

/DISCARD/
 *(.*)
                0x0000000000001838                _smol_total_memsize = (. - _smol_origin)
OUTPUT(bin/tetris-crt binary)
