
Discarded input sections

 .note.gnu.build-id
                0x0000000000000000       0x24 main.needssmol.o
 .comment       0x0000000000000000       0x12 main.needssmol.o
 .note.GNU-stack
                0x0000000000000000        0x0 main.needssmol.o

Memory Configuration

Name             Origin             Length             Attributes
*default*        0x0000000000000000 0xffffffffffffffff

Linker script and memory map

                0x0000000000010000                . = 0x10000
                0x0000000000010000                _smol_origin = .

.header         0x0000000000010000       0xe0
 *(.header)
 .header        0x0000000000010000       0xe0 main.smolstub.o
                0x00000000000100e0                _smol_text_start = .
                0x00000000000000e0                _smol_text_off = (_smol_text_start - _smol_origin)

.text           0x00000000000100e0      0xe41
 *(.rodata.dynamic)
 .rodata.dynamic
                0x00000000000100e0       0x40 main.smolstub.o
                0x00000000000100e0                _DYNAMIC
 *(.rodata.interp .rodata.neededlibs)
 .rodata.interp
                0x0000000000010120       0x1c main.smolstub.o
 .rodata.neededlibs
                0x000000000001013c       0x1b main.smolstub.o
 *(.rdata .rdata.* .rodata .rodata.*)
 *fill*         0x0000000000010157        0x9 
 .rodata.cpatterns
                0x0000000000010160      0x600 main.needssmol.o
                0x0000000000010160                cpatterns
 .rodata.cst4   0x0000000000010760       0x10 main.needssmol.o
 .rodata.cst16  0x0000000000010770       0x20 main.needssmol.o
 *(.text.startup.smol)
 .text.startup.smol
                0x0000000000010790       0x8f main.smolstub.o
 *(.text.startup._start)
 .text.startup._start
                0x000000000001081f       0x1a main.needssmol.o
                0x000000000001081f                _start
 *(.text .text.*)
 .text          0x0000000000010839        0x0 main.needssmol.o
 .text.InitPlayField
                0x0000000000010839       0x46 main.needssmol.o
 .text.Rotate   0x000000000001087f       0x2f main.needssmol.o
 .text.DoesPieceFit
                0x00000000000108ae       0x75 main.needssmol.o
 .text.updateBuffer
                0x0000000000010923       0x12 main.needssmol.o
 .text.audio_callback
                0x0000000000010935      0x13e main.needssmol.o
 .text.redraw   0x0000000000010a73      0x252 main.needssmol.o
 .text.shuffle  0x0000000000010cc5       0x1f main.needssmol.o
 .text.startup.main
                0x0000000000010ce4      0x23d main.needssmol.o
                0x0000000000010ce4                main
                0x0000000000010f21                _smol_text_end = .
                0x0000000000000e41                _smol_text_size = (_smol_text_end - _smol_text_start)
                0x0000000000000f21                _smol_textandheader_size = (_smol_text_end - _smol_origin)
                0x0000000000010f21                _smol_data_start = .
                0x0000000000000f21                _smol_data_off = (_smol_data_start - _smol_origin)

.data           0x0000000000010f40       0xe9
 *(.data.smolgot)
 .data.smolgot  0x0000000000010f40       0x71 main.smolstub.o
                0x0000000000010f40                exit
                0x0000000000010f48                __libc_start_main
                0x0000000000010f50                SDL_GetTicks
                0x0000000000010f58                SDL_Delay
                0x0000000000010f60                SDL_uitoa
                0x0000000000010f68                SDL_Init
                0x0000000000010f70                SDL_sinf
                0x0000000000010f78                SDL_FillRect
                0x0000000000010f80                SDL_CreateWindow
                0x0000000000010f88                SDL_PollEvent
                0x0000000000010f90                SDL_OpenAudioDevice
                0x0000000000010f98                SDL_PauseAudioDevice
                0x0000000000010fa0                SDL_UpdateWindowSurface
                0x0000000000010fa8                SDL_GetWindowSurface
 *(.data .data.* .tdata .tdata.*)
 .data          0x0000000000010fb1        0x0 main.needssmol.o
 *fill*         0x0000000000010fb1        0xf 
 .data.characters
                0x0000000000010fc0       0x22 main.needssmol.o
                0x0000000000010fc0                characters
 *fill*         0x0000000000010fe2       0x1e 
 .data.colors   0x0000000000011000       0x28 main.needssmol.o
                0x0000000000011000                colors
 .data.nCurrentX
                0x0000000000011028        0x1 main.needssmol.o

.dynamic
 *(.dynamic)

.dynstuff
 *(.symtab .strtab .shstrtab .rel.text .got.plt .gnu.linkonce.* .plt .plt.got .interp)
                0x0000000000011029                _smol_data_end = .
                0x0000000000000108                _smol_data_size = (_smol_data_end - _smol_data_start)
                0x0000000000001029                _smol_total_filesize = (. - _smol_origin)
                0x0000000000011029                _smol_bss_start = .
                0x0000000000001029                _smol_bss_off = (_smol_bss_start - _smol_origin)

.bss            0x0000000000011040      0x330
 *(.bss .bss.* .tbss .tbss.* .sbss .sbss.*)
 .bss           0x0000000000011040        0x0 main.needssmol.o
 .bss.hertz     0x0000000000011040        0xc main.needssmol.o
 *fill*         0x000000000001104c        0x4 
 .bss.vol       0x0000000000011050        0xc main.needssmol.o
 .bss.previous  0x000000000001105c        0x3 main.needssmol.o
 *fill*         0x000000000001105f        0x1 
 .bss.noteCnt   0x0000000000011060        0x4 main.needssmol.o
 .bss.song_clock
                0x0000000000011064        0x4 main.needssmol.o
 *fill*         0x0000000000011068       0x18 
 .bss.pBuffer   0x0000000000011080       0xd8 main.needssmol.o
 *fill*         0x0000000000011158        0x8 
 .bss.pBackBuffer
                0x0000000000011160       0xd8 main.needssmol.o
 .bss.nCurrentPiece
                0x0000000000011238        0x4 main.needssmol.o
 .bss.nCurrentY
                0x000000000001123c        0x1 main.needssmol.o
 .bss.nCurrentRotation
                0x000000000001123d        0x1 main.needssmol.o
 *fill*         0x000000000001123e        0x2 
 .bss.score     0x0000000000011240        0x4 main.needssmol.o
 *fill*         0x0000000000011244        0x4 
 .bss.screenSurface
                0x0000000000011248        0x8 main.needssmol.o
 .bss.window    0x0000000000011250        0x8 main.needssmol.o
 *fill*         0x0000000000011258        0x8 
 .bss.freqs     0x0000000000011260      0x110 main.needssmol.o
                0x0000000000011370                _smol_bss_end = .
                0x0000000000000347                _smol_bss_size = (_smol_bss_end - _smol_bss_start)
                0x000000000000044f                _smol_dataandbss_size = (_smol_bss_end - _smol_data_start)

/DISCARD/
 *(.*)
                0x0000000000001370                _smol_total_memsize = (. - _smol_origin)
LOAD main.needssmol.o
LOAD main.smolstub.o
OUTPUT(main.elf binary)

Cross Reference Table

Symbol                                            File
SDL_CreateWindow                                  main.smolstub.o
                                                  main.needssmol.o
SDL_Delay                                         main.smolstub.o
                                                  main.needssmol.o
SDL_FillRect                                      main.smolstub.o
                                                  main.needssmol.o
SDL_GetTicks                                      main.smolstub.o
                                                  main.needssmol.o
SDL_GetWindowSurface                              main.smolstub.o
                                                  main.needssmol.o
SDL_Init                                          main.smolstub.o
                                                  main.needssmol.o
SDL_OpenAudioDevice                               main.smolstub.o
                                                  main.needssmol.o
SDL_PauseAudioDevice                              main.smolstub.o
                                                  main.needssmol.o
SDL_PollEvent                                     main.smolstub.o
                                                  main.needssmol.o
SDL_UpdateWindowSurface                           main.smolstub.o
                                                  main.needssmol.o
SDL_sinf                                          main.smolstub.o
                                                  main.needssmol.o
SDL_uitoa                                         main.smolstub.o
                                                  main.needssmol.o
_DYNAMIC                                          main.smolstub.o
_GLOBAL_OFFSET_TABLE_                             main.needssmol.o
__libc_start_main                                 main.smolstub.o
                                                  main.needssmol.o
_smol_bss_end                                     main.smolstub.o
_smol_bss_off                                     main.smolstub.o
_smol_bss_size                                    main.smolstub.o
_smol_bss_start                                   main.smolstub.o
_smol_data_end                                    main.smolstub.o
_smol_data_off                                    main.smolstub.o
_smol_data_size                                   main.smolstub.o
_smol_data_start                                  main.smolstub.o
_smol_dataandbss_size                             main.smolstub.o
_smol_origin                                      main.smolstub.o
_smol_text_end                                    main.smolstub.o
_smol_text_off                                    main.smolstub.o
_smol_text_size                                   main.smolstub.o
_smol_text_start                                  main.smolstub.o
_smol_textandheader_size                          main.smolstub.o
_smol_total_filesize                              main.smolstub.o
_smol_total_memsize                               main.smolstub.o
_smol_total_size                                  main.smolstub.o
_start                                            main.needssmol.o
characters                                        main.needssmol.o
colors                                            main.needssmol.o
cpatterns                                         main.needssmol.o
exit                                              main.smolstub.o
                                                  main.needssmol.o
main                                              main.needssmol.o
