
Discarded input sections

 .text          0x0000000000000000        0x0 src/t2k.o
 .data          0x0000000000000000        0x0 src/t2k.o
 .bss           0x0000000000000000        0x0 src/t2k.o

Memory Configuration

Name             Origin             Length             Attributes
*default*        0x0000000000000000 0xffffffffffffffff

Linker script and memory map

LOAD /usr/lib/gcc/x86_64-pc-linux-gnu/8.3.0/../../../../lib/libSDL2.so
LOAD src/t2k.o
                [!provide]                        PROVIDE (__executable_start = SEGMENT_START ("text-segment", 0x10000))
                0x0000000000010120                . = (SEGMENT_START ("text-segment", 0x10000) + SIZEOF_HEADERS)
                0x000000000001018c                . = (ALIGN (0x64) + (. & 0x63))

.text           0x000000000001018c      0x651
 *(.text*)
 .text.audio_callback
                0x000000000001018c      0x13b src/t2k.o
 .text.initStone
                0x00000000000102c7       0x57 src/t2k.o
 .text.initGame
                0x000000000001031e       0x49 src/t2k.o
 .text.Rotate   0x0000000000010367       0x21 src/t2k.o
                0x0000000000010367                Rotate
 .text.DoesPieceFit
                0x0000000000010388       0x5a src/t2k.o
                0x0000000000010388                DoesPieceFit
 .text._start   0x00000000000103e2      0x3fb src/t2k.o
                0x00000000000103e2                _start

.plt            0x00000000000107e0        0x0
 .plt           0x00000000000107e0        0x0 /usr/lib/gcc/x86_64-pc-linux-gnu/8.3.0/../../../../lib/libSDL2.so

.iplt           0x00000000000107dd        0x0
 .iplt          0x00000000000107dd        0x0 /usr/lib/gcc/x86_64-pc-linux-gnu/8.3.0/../../../../lib/libSDL2.so

.plt.got        0x00000000000107e0        0x0
 .plt.got       0x00000000000107e0        0x0 /usr/lib/gcc/x86_64-pc-linux-gnu/8.3.0/../../../../lib/libSDL2.so

.rodata         0x0000000000010800      0x370
 *(.rodata*)
 .rodata.cpatterns
                0x0000000000010800      0x300 src/t2k.o
                0x0000000000010800                cpatterns
 .rodata.order  0x0000000000010b00        0x8 src/t2k.o
                0x0000000000010b00                order
 *fill*         0x0000000000010b08        0x8 
 .rodata.characters2
                0x0000000000010b10       0x14 src/t2k.o
                0x0000000000010b10                characters2
 .rodata.characters
                0x0000000000010b24        0xe src/t2k.o
                0x0000000000010b24                characters
 *fill*         0x0000000000010b32        0xe 
 .rodata.colors
                0x0000000000010b40       0x28 src/t2k.o
                0x0000000000010b40                colors
 .rodata.cst4   0x0000000000010b68        0x8 src/t2k.o

.interp         0x0000000000010b70       0x1c
 .interp        0x0000000000010b70       0x1c /usr/lib/gcc/x86_64-pc-linux-gnu/8.3.0/../../../../lib/libSDL2.so

.got            0x0000000000010b90       0x50
 .got           0x0000000000010b90       0x50 /usr/lib/gcc/x86_64-pc-linux-gnu/8.3.0/../../../../lib/libSDL2.so

.got.plt        0x0000000000010be0       0x18
 .got.plt       0x0000000000010be0       0x18 /usr/lib/gcc/x86_64-pc-linux-gnu/8.3.0/../../../../lib/libSDL2.so
                0x0000000000010be0                _GLOBAL_OFFSET_TABLE_

.data.rel.ro    0x0000000000010bf8        0x0
 .data.rel.ro   0x0000000000010bf8        0x0 /usr/lib/gcc/x86_64-pc-linux-gnu/8.3.0/../../../../lib/libSDL2.so

.igot.plt       0x0000000000010bf8        0x0
 .igot.plt      0x0000000000010bf8        0x0 /usr/lib/gcc/x86_64-pc-linux-gnu/8.3.0/../../../../lib/libSDL2.so

.gnu.version_d  0x0000000000010bf8        0x0
 .gnu.version_d
                0x0000000000010bf8        0x0 /usr/lib/gcc/x86_64-pc-linux-gnu/8.3.0/../../../../lib/libSDL2.so

.gnu.version    0x0000000000010bf8        0x0
 .gnu.version   0x0000000000010bf8        0x0 /usr/lib/gcc/x86_64-pc-linux-gnu/8.3.0/../../../../lib/libSDL2.so

.gnu.version_r  0x0000000000010bf8        0x0
 .gnu.version_r
                0x0000000000010bf8        0x0 /usr/lib/gcc/x86_64-pc-linux-gnu/8.3.0/../../../../lib/libSDL2.so

.dynsym         0x0000000000010bf8      0x108
 .dynsym        0x0000000000010bf8      0x108 /usr/lib/gcc/x86_64-pc-linux-gnu/8.3.0/../../../../lib/libSDL2.so

.dynstr         0x0000000000010d00       0xa8
 .dynstr        0x0000000000010d00       0xa8 /usr/lib/gcc/x86_64-pc-linux-gnu/8.3.0/../../../../lib/libSDL2.so

.hash           0x0000000000010da8       0x40
 .hash          0x0000000000010da8       0x40 /usr/lib/gcc/x86_64-pc-linux-gnu/8.3.0/../../../../lib/libSDL2.so

.rela.plt       0x0000000000010de8        0x0
 .rela.plt      0x0000000000010de8        0x0 /usr/lib/gcc/x86_64-pc-linux-gnu/8.3.0/../../../../lib/libSDL2.so

.rela.got       0x0000000000010de8       0xf0
 .rela.got      0x0000000000010de8       0xf0 /usr/lib/gcc/x86_64-pc-linux-gnu/8.3.0/../../../../lib/libSDL2.so

.rela.bss       0x0000000000010ed8        0x0
 .rela.bss      0x0000000000010ed8        0x0 /usr/lib/gcc/x86_64-pc-linux-gnu/8.3.0/../../../../lib/libSDL2.so

.rela.data.rel.ro
                0x0000000000010ed8        0x0
 .rela.data.rel.ro
                0x0000000000010ed8        0x0 /usr/lib/gcc/x86_64-pc-linux-gnu/8.3.0/../../../../lib/libSDL2.so

.rela.iplt      0x0000000000010ed8        0x0
 .rela.iplt     0x0000000000010ed8        0x0 /usr/lib/gcc/x86_64-pc-linux-gnu/8.3.0/../../../../lib/libSDL2.so
                0x0000000000011000                . = DATA_SEGMENT_ALIGN (CONSTANT (MAXPAGESIZE), CONSTANT (COMMONPAGESIZE))

.dynamic        0x0000000000011000       0xd0
 *(.dynamic*)
 .dynamic       0x0000000000011000       0xd0 /usr/lib/gcc/x86_64-pc-linux-gnu/8.3.0/../../../../lib/libSDL2.so
                0x0000000000011000                _DYNAMIC

.bss            0x0000000000011100      0x258
 *(.bss*)
 .bss.buffer.36320
                0x0000000000011100        0xf src/t2k.o
 *fill*         0x000000000001110f        0x1 
 .bss.counter.36300
                0x0000000000011110        0xc src/t2k.o
 .bss.vol.36298
                0x000000000001111c        0x6 src/t2k.o
 *fill*         0x0000000000011122        0x2 
 .bss.hertz.36307
                0x0000000000011124        0xc src/t2k.o
 .bss.previous.36301
                0x0000000000011130        0xc src/t2k.o
 .bss.song_clock.36299
                0x000000000001113c        0x4 src/t2k.o
 .bss.handlekeys
                0x0000000000011140        0x1 src/t2k.o
 *fill*         0x0000000000011141        0x3 
 .bss.runtime   0x0000000000011144        0x4 src/t2k.o
 *fill*         0x0000000000011148        0x8 
 .bss.rect      0x0000000000011150       0x10 src/t2k.o
 .bss.screenSurface
                0x0000000000011160        0x8 src/t2k.o
 .bss.window    0x0000000000011168        0x8 src/t2k.o
 .bss.nCurrentPiece
                0x0000000000011170        0x4 src/t2k.o
 .bss.score     0x0000000000011174        0x4 src/t2k.o
 .bss.nCurrentY
                0x0000000000011178        0x1 src/t2k.o
 .bss.nCurrentX
                0x0000000000011179        0x1 src/t2k.o
 .bss.nCurrentRotation
                0x000000000001117a        0x1 src/t2k.o
 *fill*         0x000000000001117b        0x5 
 .bss.pBackBuffer
                0x0000000000011180       0xd8 src/t2k.o
 *fill*         0x0000000000011258       0x28 
 .bss.pBuffer   0x0000000000011280       0xd8 src/t2k.o
                0x0000000000011358                . = DATA_SEGMENT_END (.)
OUTPUT(t2k.elf elf64-x86-64)

.dynbss         0x0000000000011358        0x0
 .dynbss        0x0000000000011358        0x0 /usr/lib/gcc/x86_64-pc-linux-gnu/8.3.0/../../../../lib/libSDL2.so
