
Discarded input sections

 .text          0x0000000000000000        0x0 src/t2k.o
 .data          0x0000000000000000        0x0 src/t2k.o
 .bss           0x0000000000000000        0x0 src/t2k.o

Memory Configuration

Name             Origin             Length             Attributes
*default*        0x0000000000000000 0xffffffffffffffff

Linker script and memory map

LOAD /usr/lib/gcc/x86_64-pc-linux-gnu/8.3.0/../../../../lib/libSDL2.so
LOAD src/t2k.o
                [!provide]                        PROVIDE (__executable_start = SEGMENT_START ("text-segment", 0x10000))
                0x0000000000010120                . = (SEGMENT_START ("text-segment", 0x10000) + SIZEOF_HEADERS)
                0x0000000000010120                . = (ALIGN (0x1) + (. & 0x0))

.interp         0x0000000000010120       0x1c
 *(.interp*)
 .interp        0x0000000000010120       0x1c /usr/lib/gcc/x86_64-pc-linux-gnu/8.3.0/../../../../lib/libSDL2.so

.dynstr         0x000000000001013c       0xa8
 *(.dynstr*)
 .dynstr        0x000000000001013c       0xa8 /usr/lib/gcc/x86_64-pc-linux-gnu/8.3.0/../../../../lib/libSDL2.so

.text           0x00000000000101e4      0x673
 *(.text*)
 .text.audio_callback
                0x00000000000101e4      0x163 src/t2k.o
 .text.initStone
                0x0000000000010347       0x57 src/t2k.o
 .text.initGame
                0x000000000001039e       0x49 src/t2k.o
 .text.Rotate   0x00000000000103e7       0x1d src/t2k.o
                0x00000000000103e7                Rotate
 .text.DoesPieceFit
                0x0000000000010404       0x5a src/t2k.o
                0x0000000000010404                DoesPieceFit
 .text._start   0x000000000001045e      0x3f9 src/t2k.o
                0x000000000001045e                _start

.plt            0x0000000000010860        0x0
 .plt           0x0000000000010860        0x0 /usr/lib/gcc/x86_64-pc-linux-gnu/8.3.0/../../../../lib/libSDL2.so

.iplt           0x0000000000010857        0x0
 .iplt          0x0000000000010857        0x0 /usr/lib/gcc/x86_64-pc-linux-gnu/8.3.0/../../../../lib/libSDL2.so

.plt.got        0x0000000000010858        0x0
 .plt.got       0x0000000000010858        0x0 /usr/lib/gcc/x86_64-pc-linux-gnu/8.3.0/../../../../lib/libSDL2.so

.rela.got       0x0000000000010858       0xf0
 *(.rela.got*)
 .rela.got      0x0000000000010858       0xf0 /usr/lib/gcc/x86_64-pc-linux-gnu/8.3.0/../../../../lib/libSDL2.so

.rela.plt       0x0000000000010948        0x0
 .rela.plt      0x0000000000010948        0x0 /usr/lib/gcc/x86_64-pc-linux-gnu/8.3.0/../../../../lib/libSDL2.so

.rela.bss       0x0000000000010948        0x0
 .rela.bss      0x0000000000010948        0x0 /usr/lib/gcc/x86_64-pc-linux-gnu/8.3.0/../../../../lib/libSDL2.so

.rela.data.rel.ro
                0x0000000000010948        0x0
 .rela.data.rel.ro
                0x0000000000010948        0x0 /usr/lib/gcc/x86_64-pc-linux-gnu/8.3.0/../../../../lib/libSDL2.so

.rela.iplt      0x0000000000010948        0x0
 .rela.iplt     0x0000000000010948        0x0 /usr/lib/gcc/x86_64-pc-linux-gnu/8.3.0/../../../../lib/libSDL2.so

.rodata         0x0000000000010980      0x37c
 *(.rodata*)
 .rodata.cpatterns
                0x0000000000010980      0x300 src/t2k.o
                0x0000000000010980                cpatterns
 .rodata.order  0x0000000000010c80        0x8 src/t2k.o
                0x0000000000010c80                order
 *fill*         0x0000000000010c88        0x8 
 .rodata.characters2
                0x0000000000010c90       0x14 src/t2k.o
                0x0000000000010c90                characters2
 .rodata.characters
                0x0000000000010ca4        0xe src/t2k.o
                0x0000000000010ca4                characters
 *fill*         0x0000000000010cb2        0xe 
 .rodata.colors
                0x0000000000010cc0       0x28 src/t2k.o
                0x0000000000010cc0                colors
 .rodata.cst4   0x0000000000010ce8       0x14 src/t2k.o

.gnu.version_d  0x0000000000010d00        0x0
 .gnu.version_d
                0x0000000000010d00        0x0 /usr/lib/gcc/x86_64-pc-linux-gnu/8.3.0/../../../../lib/libSDL2.so

.gnu.version    0x0000000000010cfc        0x0
 .gnu.version   0x0000000000010cfc        0x0 /usr/lib/gcc/x86_64-pc-linux-gnu/8.3.0/../../../../lib/libSDL2.so

.gnu.version_r  0x0000000000010d00        0x0
 .gnu.version_r
                0x0000000000010d00        0x0 /usr/lib/gcc/x86_64-pc-linux-gnu/8.3.0/../../../../lib/libSDL2.so

.dynsym         0x0000000000010d00      0x108
 *(.dynsym*)
 .dynsym        0x0000000000010d00      0x108 /usr/lib/gcc/x86_64-pc-linux-gnu/8.3.0/../../../../lib/libSDL2.so

.hash           0x0000000000010e08       0x40
 *(.hash*)
 .hash          0x0000000000010e08       0x40 /usr/lib/gcc/x86_64-pc-linux-gnu/8.3.0/../../../../lib/libSDL2.so

.got            0x0000000000010e48       0x68
 *(.got*)
 .got           0x0000000000010e48       0x50 /usr/lib/gcc/x86_64-pc-linux-gnu/8.3.0/../../../../lib/libSDL2.so
 .got.plt       0x0000000000010e98       0x18 /usr/lib/gcc/x86_64-pc-linux-gnu/8.3.0/../../../../lib/libSDL2.so
                0x0000000000010e98                _GLOBAL_OFFSET_TABLE_

.data.rel.ro    0x0000000000010eb0        0x0
 .data.rel.ro   0x0000000000010eb0        0x0 /usr/lib/gcc/x86_64-pc-linux-gnu/8.3.0/../../../../lib/libSDL2.so

.igot.plt       0x0000000000010eb0        0x0
 .igot.plt      0x0000000000010eb0        0x0 /usr/lib/gcc/x86_64-pc-linux-gnu/8.3.0/../../../../lib/libSDL2.so
                0x0000000000011000                . = DATA_SEGMENT_ALIGN (CONSTANT (MAXPAGESIZE), CONSTANT (COMMONPAGESIZE))

.dynamic        0x0000000000011000       0xd0
 *(.dynamic*)
 .dynamic       0x0000000000011000       0xd0 /usr/lib/gcc/x86_64-pc-linux-gnu/8.3.0/../../../../lib/libSDL2.so
                0x0000000000011000                _DYNAMIC

.bss            0x0000000000011100      0x258
 *(.bss*)
 .bss.buffer.36319
                0x0000000000011100        0xf src/t2k.o
 *fill*         0x000000000001110f        0x1 
 .bss.counter.36298
                0x0000000000011110        0xc src/t2k.o
 .bss.vol.36296
                0x000000000001111c        0x6 src/t2k.o
 *fill*         0x0000000000011122        0x2 
 .bss.hertz.36305
                0x0000000000011124        0xc src/t2k.o
 .bss.previous.36299
                0x0000000000011130        0xc src/t2k.o
 .bss.song_clock.36297
                0x000000000001113c        0x4 src/t2k.o
 .bss.handlekeys
                0x0000000000011140        0x1 src/t2k.o
 *fill*         0x0000000000011141        0x3 
 .bss.runtime   0x0000000000011144        0x4 src/t2k.o
 *fill*         0x0000000000011148        0x8 
 .bss.rect      0x0000000000011150       0x10 src/t2k.o
 .bss.screenSurface
                0x0000000000011160        0x8 src/t2k.o
 .bss.window    0x0000000000011168        0x8 src/t2k.o
 .bss.nCurrentPiece
                0x0000000000011170        0x4 src/t2k.o
 .bss.score     0x0000000000011174        0x4 src/t2k.o
 .bss.nCurrentY
                0x0000000000011178        0x1 src/t2k.o
 .bss.nCurrentX
                0x0000000000011179        0x1 src/t2k.o
 .bss.nCurrentRotation
                0x000000000001117a        0x1 src/t2k.o
 *fill*         0x000000000001117b        0x5 
 .bss.pBackBuffer
                0x0000000000011180       0xd8 src/t2k.o
 *fill*         0x0000000000011258       0x28 
 .bss.pBuffer   0x0000000000011280       0xd8 src/t2k.o
                0x0000000000011358                . = DATA_SEGMENT_END (.)
OUTPUT(t2k.elf elf64-x86-64)

.dynbss         0x0000000000011358        0x0
 .dynbss        0x0000000000011358        0x0 /usr/lib/gcc/x86_64-pc-linux-gnu/8.3.0/../../../../lib/libSDL2.so
